[     249ms] [INFO] %cDownload the React DevTools for a better development experience: https://reactjs.org/link/react-devtools font-weight:bold @ http://localhost:5173/node_modules/.vite/deps/react-dom-DK8KXdTW.js?v=37fd3342:17230
[     308ms] [LOG] %c[Vercel Web Analytics]%c Debug mode is enabled by default in development. No requests will be sent to the server. color: rgb(120, 120, 120) color: inherit @ https://va.vercel-scripts.com/v1/script.debug.js:0
[     308ms] [LOG] %c[Vercel Web Analytics]%c [view] http://localhost:5173/ color: rgb(120, 120, 120) color: inherit {o: http://localhost:5173/, sv: 0.1.3, sdkn: @vercel/analytics/react, sdkv: 1.3.1, ts: 1783665269800} /_vercel/insights/view @ https://va.vercel-scripts.com/v1/script.debug.js:0
[     310ms] [LOG] %c[Vercel Speed Insights]%c Debug mode is enabled by default in development. No requests will be sent to the server. color: rgb(120, 120, 120) color: inherit @ https://va.vercel-scripts.com/v1/speed-insights/script.debug.js:0
[   59849ms] [INFO] %cDownload the React DevTools for a better development experience: https://reactjs.org/link/react-devtools font-weight:bold @ http://localhost:5173/node_modules/.vite/deps/react-dom-DK8KXdTW.js?v=37fd3342:17230
[   59855ms] [LOG] %c[Vercel Web Analytics]%c Debug mode is enabled by default in development. No requests will be sent to the server. color: rgb(120, 120, 120) color: inherit @ https://va.vercel-scripts.com/v1/script.debug.js:0
[   59855ms] [LOG] %c[Vercel Web Analytics]%c [view] http://localhost:5173/ color: rgb(120, 120, 120) color: inherit {o: http://localhost:5173/, sv: 0.1.3, sdkn: @vercel/analytics/react, sdkv: 1.3.1, ts: 1783665329346} /_vercel/insights/view @ https://va.vercel-scripts.com/v1/script.debug.js:0
[   59855ms] [LOG] %c[Vercel Speed Insights]%c Debug mode is enabled by default in development. No requests will be sent to the server. color: rgb(120, 120, 120) color: inherit @ https://va.vercel-scripts.com/v1/speed-insights/script.debug.js:0
[  143589ms] [LOG] %c[Vercel Speed Insights]%c [vitals] color: rgb(120, 120, 120) color: inherit {speed: 4g, metrics: Array(3), scriptVersion: 0.1.3, sdkName: @vercel/speed-insights/react, sdkVersion: 1.0.12} /_vercel/speed-insights/vitals @ https://va.vercel-scripts.com/v1/speed-insights/script.debug.js:0
[  143590ms] [LOG] %c[Vercel Web Analytics]%c [view] http://localhost:5173/qplay color: rgb(120, 120, 120) color: inherit {o: http://localhost:5173/qplay, sv: 0.1.3, sdkn: @vercel/analytics/react, sdkv: 1.3.1, ts: 1783665413078} /_vercel/insights/view @ https://va.vercel-scripts.com/v1/script.debug.js:0
[  959159ms] [INFO] %cDownload the React DevTools for a better development experience: https://reactjs.org/link/react-devtools font-weight:bold @ http://localhost:5173/node_modules/.vite/deps/react-dom-DK8KXdTW.js?v=37fd3342:17230
[  959199ms] [LOG] %c[Vercel Web Analytics]%c Debug mode is enabled by default in development. No requests will be sent to the server. color: rgb(120, 120, 120) color: inherit @ https://va.vercel-scripts.com/v1/script.debug.js:0
[  959200ms] [LOG] %c[Vercel Web Analytics]%c [view] http://localhost:5173/about color: rgb(120, 120, 120) color: inherit {o: http://localhost:5173/about, sv: 0.1.3, sdkn: @vercel/analytics/react, sdkv: 1.3.1, ts: 1783666228691} /_vercel/insights/view @ https://va.vercel-scripts.com/v1/script.debug.js:0
[  959201ms] [LOG] %c[Vercel Speed Insights]%c Debug mode is enabled by default in development. No requests will be sent to the server. color: rgb(120, 120, 120) color: inherit @ https://va.vercel-scripts.com/v1/speed-insights/script.debug.js:0
[  980731ms] [INFO] %cDownload the React DevTools for a better development experience: https://reactjs.org/link/react-devtools font-weight:bold @ http://localhost:5173/node_modules/.vite/deps/react-dom-DK8KXdTW.js?v=37fd3342:17230
[  980752ms] [LOG] %c[Vercel Web Analytics]%c Debug mode is enabled by default in development. No requests will be sent to the server. color: rgb(120, 120, 120) color: inherit @ https://va.vercel-scripts.com/v1/script.debug.js:0
[  980752ms] [LOG] %c[Vercel Web Analytics]%c [view] http://localhost:5173/feedback color: rgb(120, 120, 120) color: inherit {o: http://localhost:5173/feedback, sv: 0.1.3, sdkn: @vercel/analytics/react, sdkv: 1.3.1, ts: 1783666250243} /_vercel/insights/view @ https://va.vercel-scripts.com/v1/script.debug.js:0
[  980752ms] [LOG] %c[Vercel Speed Insights]%c Debug mode is enabled by default in development. No requests will be sent to the server. color: rgb(120, 120, 120) color: inherit @ https://va.vercel-scripts.com/v1/speed-insights/script.debug.js:0
[ 1018138ms] [INFO] %cDownload the React DevTools for a better development experience: https://reactjs.org/link/react-devtools font-weight:bold @ http://localhost:5173/node_modules/.vite/deps/react-dom-DK8KXdTW.js?v=37fd3342:17230
[ 1018185ms] [LOG] %c[Vercel Web Analytics]%c Debug mode is enabled by default in development. No requests will be sent to the server. color: rgb(120, 120, 120) color: inherit @ https://va.vercel-scripts.com/v1/script.debug.js:0
[ 1018185ms] [LOG] %c[Vercel Web Analytics]%c [view] http://localhost:5173/ color: rgb(120, 120, 120) color: inherit {o: http://localhost:5173/, sv: 0.1.3, sdkn: @vercel/analytics/react, sdkv: 1.3.1, ts: 1783666287677} /_vercel/insights/view @ https://va.vercel-scripts.com/v1/script.debug.js:0
[ 1018186ms] [LOG] %c[Vercel Speed Insights]%c Debug mode is enabled by default in development. No requests will be sent to the server. color: rgb(120, 120, 120) color: inherit @ https://va.vercel-scripts.com/v1/speed-insights/script.debug.js:0
[ 1039914ms] [LOG] %c[Vercel Speed Insights]%c [vitals] color: rgb(120, 120, 120) color: inherit {speed: 4g, metrics: Array(3), scriptVersion: 0.1.3, sdkName: @vercel/speed-insights/react, sdkVersion: 1.0.12} /_vercel/speed-insights/vitals @ https://va.vercel-scripts.com/v1/speed-insights/script.debug.js:0
[ 1039918ms] [LOG] %c[Vercel Web Analytics]%c [view] http://localhost:5173/qplay color: rgb(120, 120, 120) color: inherit {o: http://localhost:5173/qplay, sv: 0.1.3, sdkn: @vercel/analytics/react, sdkv: 1.3.1, ts: 1783666309404} /_vercel/insights/view @ https://va.vercel-scripts.com/v1/script.debug.js:0
